// Jest Snapshot v1, https://goo.gl/fbAQLP

exports[`components BrandHeader 1`] = `
<DocumentFragment>
  <div
    class="makeStyles-root-2"
  >
    <a
      class="MuiAvatar-root makeStyles-avatar-1 MuiAvatar-colorDefault"
      href="#/"
    >
      <svg
        aria-hidden="true"
        class="MuiSvgIcon-root"
        focusable="false"
        role="presentation"
        viewBox="0 0 24 24"
      >
        <path
          d="M14 2H6c-1.1 0-1.99.9-1.99 2L4 20c0 1.1.89 2 1.99 2H18c1.1 0 2-.9 2-2V8l-6-6zm2 14h-3v3h-2v-3H8v-2h3v-3h2v3h3v2zm-3-7V3.5L18.5 9H13z"
        />
      </svg>
    </a>
    <div
      class="makeStyles-titleWrap-3"
    >
      <h5
        class="MuiTypography-root makeStyles-brandFont-4 MuiTypography-h5"
      >
        Of Note
        <small>
          <em>
            s
          </em>
        </small>
      </h5>
      <h6
        class="MuiTypography-root makeStyles-brandFont-4 MuiTypography-subtitle2 MuiTypography-colorTextSecondary"
      >
        Offline note taking
      </h6>
    </div>
    <button
      class="MuiButtonBase-root MuiIconButton-root"
      tabindex="0"
      type="button"
    >
      <span
        class="MuiIconButton-label"
      >
        <svg
          aria-hidden="true"
          class="MuiSvgIcon-root"
          focusable="false"
          role="presentation"
          viewBox="0 0 24 24"
        >
          <path
            d="M20 8.69V4h-4.69L12 .69 8.69 4H4v4.69L.69 12 4 15.31V20h4.69L12 23.31 15.31 20H20v-4.69L23.31 12 20 8.69zM12 18c-3.31 0-6-2.69-6-6s2.69-6 6-6 6 2.69 6 6-2.69 6-6 6zm0-10c-2.21 0-4 1.79-4 4s1.79 4 4 4 4-1.79 4-4-1.79-4-4-4z"
          />
        </svg>
      </span>
      <span
        class="MuiTouchRipple-root"
      />
    </button>
    <a
      aria-disabled="false"
      class="MuiButtonBase-root MuiIconButton-root"
      href="https://github.com/jhackshaw/ofnotes"
      tabindex="0"
    >
      <span
        class="MuiIconButton-label"
      >
        <svg
          aria-hidden="true"
          class="MuiSvgIcon-root"
          focusable="false"
          role="presentation"
          viewBox="0 0 24 24"
        >
          <path
            d="M12 .3a12 12 0 0 0-3.8 23.4c.6.1.8-.3.8-.6v-2c-3.3.7-4-1.6-4-1.6-.6-1.4-1.4-1.8-1.4-1.8-1-.7.1-.7.1-.7 1.2 0 1.9 1.2 1.9 1.2 1 1.8 2.8 1.3 3.5 1 0-.8.4-1.3.7-1.6-2.7-.3-5.5-1.3-5.5-6 0-1.2.5-2.3 1.3-3.1-.2-.4-.6-1.6 0-3.2 0 0 1-.3 3.4 1.2a11.5 11.5 0 0 1 6 0c2.3-1.5 3.3-1.2 3.3-1.2.6 1.6.2 2.8 0 3.2.9.8 1.3 1.9 1.3 3.2 0 4.6-2.8 5.6-5.5 5.9.5.4.9 1 .9 2.2v3.3c0 .3.1.7.8.6A12 12 0 0 0 12 .3"
          />
        </svg>
      </span>
      <span
        class="MuiTouchRipple-root"
      />
    </a>
  </div>
</DocumentFragment>
`;

exports[`components MainPanel 1`] = `
<DocumentFragment>
  <div
    class="makeStyles-root-69"
  >
    <div>
      test child element
    </div>
  </div>
</DocumentFragment>
`;

exports[`components NoteForm 1`] = `
<DocumentFragment>
  <div
    class="makeStyles-root-161"
  >
    <form
      data-testid="form"
    >
      <div
        class="makeStyles-root-162"
      >
        <button
          class="MuiButtonBase-root MuiIconButton-root makeStyles-mobileMenu-163"
          tabindex="0"
          type="button"
        >
          <span
            class="MuiIconButton-label"
          >
            <svg
              aria-hidden="true"
              class="MuiSvgIcon-root"
              focusable="false"
              role="presentation"
              viewBox="0 0 24 24"
            >
              <path
                d="M3 18h18v-2H3v2zm0-5h18v-2H3v2zm0-7v2h18V6H3z"
              />
            </svg>
          </span>
          <span
            class="MuiTouchRipple-root"
          />
        </button>
        <span
          class="MuiTypography-root makeStyles-title-165 MuiTypography-h5"
        >
          test note title
        </span>
        <div
          class="makeStyles-actions-164"
        >
          <div>
            test element
          </div>
        </div>
      </div>
      <div
        class="MuiFormControl-root MuiTextField-root makeStyles-inp-217 MuiFormControl-fullWidth"
      >
        <label
          class="MuiFormLabel-root MuiInputLabel-root MuiInputLabel-formControl MuiInputLabel-animated MuiInputLabel-shrink MuiInputLabel-outlined MuiFormLabel-filled"
          data-shrink="true"
          for="title"
          id="title-label"
        >
          Title
        </label>
        <div
          class="MuiInputBase-root MuiOutlinedInput-root MuiInputBase-fullWidth MuiInputBase-formControl"
        >
          <input
            aria-describedby="title-helper-text"
            aria-invalid="false"
            autocomplete="off"
            class="MuiInputBase-input MuiOutlinedInput-input"
            id="title"
            name="title"
            type="text"
            value="test note title"
          />
          <fieldset
            aria-hidden="true"
            class="PrivateNotchedOutline-root-278 MuiOutlinedInput-notchedOutline"
            style="padding-left: 8px;"
          >
            <legend
              class="PrivateNotchedOutline-legend-279"
              style="width: 0px;"
            >
              <span>
                ​
              </span>
            </legend>
          </fieldset>
        </div>
        <p
          class="MuiFormHelperText-root MuiFormHelperText-contained MuiFormHelperText-filled"
          id="title-helper-text"
        >
           
        </p>
      </div>
      <div
        class="MuiFormControl-root MuiTextField-root makeStyles-inp-217 MuiFormControl-fullWidth"
      >
        <label
          class="MuiFormLabel-root MuiInputLabel-root MuiInputLabel-formControl MuiInputLabel-animated MuiInputLabel-shrink MuiInputLabel-outlined MuiFormLabel-filled"
          data-shrink="true"
          for="md"
          id="md-label"
        >
          Note
        </label>
        <div
          class="MuiInputBase-root MuiOutlinedInput-root MuiInputBase-fullWidth MuiInputBase-formControl MuiInputBase-multiline MuiOutlinedInput-multiline"
        >
          <textarea
            aria-describedby="md-helper-text"
            aria-invalid="false"
            autocomplete="off"
            class="MuiInputBase-input MuiOutlinedInput-input undefined makeStyles-textarea-159 MuiInputBase-inputMultiline MuiOutlinedInput-inputMultiline"
            id="md"
            name="md"
            rows="2"
          >
            # test md
          </textarea>
          <fieldset
            aria-hidden="true"
            class="PrivateNotchedOutline-root-278 MuiOutlinedInput-notchedOutline"
            style="padding-left: 8px;"
          >
            <legend
              class="PrivateNotchedOutline-legend-279"
              style="width: 0px;"
            >
              <span>
                ​
              </span>
            </legend>
          </fieldset>
        </div>
        <p
          class="MuiFormHelperText-root MuiFormHelperText-contained MuiFormHelperText-filled"
          id="md-helper-text"
        >
          Supports github flavored markdown
        </p>
      </div>
      <div
        class="MuiFormControl-root MuiTextField-root makeStyles-inp-217 MuiFormControl-fullWidth"
      >
        <label
          class="MuiFormLabel-root MuiInputLabel-root MuiInputLabel-formControl MuiInputLabel-animated MuiInputLabel-shrink MuiInputLabel-outlined MuiFormLabel-filled"
          data-shrink="true"
          for="tags"
          id="tags-label"
        >
          Tags
        </label>
        <div
          class="MuiInputBase-root MuiOutlinedInput-root MuiInputBase-fullWidth MuiInputBase-formControl"
        >
          <input
            aria-describedby="tags-helper-text"
            aria-invalid="false"
            autocomplete="off"
            class="MuiInputBase-input MuiOutlinedInput-input"
            id="tags"
            name="tags"
            type="text"
            value="python react"
          />
          <fieldset
            aria-hidden="true"
            class="PrivateNotchedOutline-root-278 MuiOutlinedInput-notchedOutline"
            style="padding-left: 8px;"
          >
            <legend
              class="PrivateNotchedOutline-legend-279"
              style="width: 0px;"
            >
              <span>
                ​
              </span>
            </legend>
          </fieldset>
        </div>
        <p
          class="MuiFormHelperText-root MuiFormHelperText-contained MuiFormHelperText-filled"
          id="tags-helper-text"
        >
          Separated by spaces
        </p>
      </div>
      <div />
    </form>
  </div>
</DocumentFragment>
`;

exports[`components NoteFormButton 1`] = `
<DocumentFragment>
  <button
    class="MuiButtonBase-root MuiButton-root MuiButton-contained makeStyles-btn-482 MuiButton-containedPrimary MuiButton-containedSizeSmall MuiButton-sizeSmall"
    tabindex="0"
    type="button"
  >
    <span
      class="MuiButton-label"
    >
      Test btn
    </span>
    <span
      class="MuiTouchRipple-root"
    />
  </button>
</DocumentFragment>
`;

exports[`components NoteList 1`] = `
<DocumentFragment>
  <ul
    class="MuiList-root MuiList-padding"
  >
    <li
      class="MuiListItem-container"
    >
      <a
        aria-disabled="false"
        class="MuiButtonBase-root MuiListItem-root MuiListItem-gutters MuiListItem-button MuiListItem-secondaryAction"
        href="#/test-1"
        role="button"
        tabindex="0"
      >
        <div
          class="MuiListItemAvatar-root"
        >
          <div
            class="MuiAvatar-root MuiAvatar-colorDefault"
          >
            t
          </div>
        </div>
        <div
          class="MuiListItemText-root MuiListItemText-multiline"
        >
          <span
            class="MuiTypography-root MuiListItemText-primary MuiTypography-body1"
          >
            test 1
          </span>
          <p
            class="MuiTypography-root MuiListItemText-secondary MuiTypography-body2 MuiTypography-colorTextSecondary"
          >
            <span>
              in 50 years
              <span
                class="makeStyles-bullet-70"
              >
                •
              </span>
              test
            </span>
          </p>
        </div>
        <span
          class="MuiTouchRipple-root"
        />
      </a>
      <div
        class="MuiListItemSecondaryAction-root"
      >
        <a
          aria-disabled="false"
          class="MuiButtonBase-root MuiIconButton-root"
          href="#/test-1/edit"
          role="button"
          tabindex="0"
        >
          <span
            class="MuiIconButton-label"
          >
            <svg
              aria-hidden="true"
              class="MuiSvgIcon-root"
              focusable="false"
              role="presentation"
              viewBox="0 0 24 24"
            >
              <path
                d="M3 17.25V21h3.75L17.81 9.94l-3.75-3.75L3 17.25zM20.71 7.04c.39-.39.39-1.02 0-1.41l-2.34-2.34a.9959.9959 0 00-1.41 0l-1.83 1.83 3.75 3.75 1.83-1.83z"
              />
            </svg>
          </span>
          <span
            class="MuiTouchRipple-root"
          />
        </a>
      </div>
    </li>
    <li
      class="MuiListItem-container"
    >
      <a
        aria-disabled="false"
        class="MuiButtonBase-root MuiListItem-root MuiListItem-gutters MuiListItem-button MuiListItem-secondaryAction"
        href="#/test-2"
        role="button"
        tabindex="0"
      >
        <div
          class="MuiListItemAvatar-root"
        >
          <div
            class="MuiAvatar-root MuiAvatar-colorDefault"
          >
            t
          </div>
        </div>
        <div
          class="MuiListItemText-root MuiListItemText-multiline"
        >
          <span
            class="MuiTypography-root MuiListItemText-primary MuiTypography-body1"
          >
            test 2
          </span>
          <p
            class="MuiTypography-root MuiListItemText-secondary MuiTypography-body2 MuiTypography-colorTextSecondary"
          >
            <span>
              in 50 years
              <span
                class="makeStyles-bullet-70"
              >
                •
              </span>
              test
            </span>
          </p>
        </div>
        <span
          class="MuiTouchRipple-root"
        />
      </a>
      <div
        class="MuiListItemSecondaryAction-root"
      >
        <a
          aria-disabled="false"
          class="MuiButtonBase-root MuiIconButton-root"
          href="#/test-2/edit"
          role="button"
          tabindex="0"
        >
          <span
            class="MuiIconButton-label"
          >
            <svg
              aria-hidden="true"
              class="MuiSvgIcon-root"
              focusable="false"
              role="presentation"
              viewBox="0 0 24 24"
            >
              <path
                d="M3 17.25V21h3.75L17.81 9.94l-3.75-3.75L3 17.25zM20.71 7.04c.39-.39.39-1.02 0-1.41l-2.34-2.34a.9959.9959 0 00-1.41 0l-1.83 1.83 3.75 3.75 1.83-1.83z"
              />
            </svg>
          </span>
          <span
            class="MuiTouchRipple-root"
          />
        </a>
      </div>
    </li>
    <li
      class="MuiListItem-container"
    >
      <a
        aria-disabled="false"
        class="MuiButtonBase-root MuiListItem-root MuiListItem-gutters MuiListItem-button MuiListItem-secondaryAction"
        href="#/test-3"
        role="button"
        tabindex="0"
      >
        <div
          class="MuiListItemAvatar-root"
        >
          <div
            class="MuiAvatar-root MuiAvatar-colorDefault"
          >
            t
          </div>
        </div>
        <div
          class="MuiListItemText-root MuiListItemText-multiline"
        >
          <span
            class="MuiTypography-root MuiListItemText-primary MuiTypography-body1"
          >
            test 3
          </span>
          <p
            class="MuiTypography-root MuiListItemText-secondary MuiTypography-body2 MuiTypography-colorTextSecondary"
          >
            <span>
              in 50 years
              <span
                class="makeStyles-bullet-70"
              >
                •
              </span>
              test
            </span>
          </p>
        </div>
        <span
          class="MuiTouchRipple-root"
        />
      </a>
      <div
        class="MuiListItemSecondaryAction-root"
      >
        <a
          aria-disabled="false"
          class="MuiButtonBase-root MuiIconButton-root"
          href="#/test-3/edit"
          role="button"
          tabindex="0"
        >
          <span
            class="MuiIconButton-label"
          >
            <svg
              aria-hidden="true"
              class="MuiSvgIcon-root"
              focusable="false"
              role="presentation"
              viewBox="0 0 24 24"
            >
              <path
                d="M3 17.25V21h3.75L17.81 9.94l-3.75-3.75L3 17.25zM20.71 7.04c.39-.39.39-1.02 0-1.41l-2.34-2.34a.9959.9959 0 00-1.41 0l-1.83 1.83 3.75 3.75 1.83-1.83z"
              />
            </svg>
          </span>
          <span
            class="MuiTouchRipple-root"
          />
        </a>
      </div>
    </li>
    <li
      class="MuiListItem-container"
    >
      <a
        aria-disabled="false"
        class="MuiButtonBase-root MuiListItem-root MuiListItem-gutters MuiListItem-button MuiListItem-secondaryAction"
        href="#/test-4"
        role="button"
        tabindex="0"
      >
        <div
          class="MuiListItemAvatar-root"
        >
          <div
            class="MuiAvatar-root MuiAvatar-colorDefault"
          >
            t
          </div>
        </div>
        <div
          class="MuiListItemText-root MuiListItemText-multiline"
        >
          <span
            class="MuiTypography-root MuiListItemText-primary MuiTypography-body1"
          >
            test 4
          </span>
          <p
            class="MuiTypography-root MuiListItemText-secondary MuiTypography-body2 MuiTypography-colorTextSecondary"
          >
            <span>
              in 50 years
              <span
                class="makeStyles-bullet-70"
              >
                •
              </span>
              test
            </span>
          </p>
        </div>
        <span
          class="MuiTouchRipple-root"
        />
      </a>
      <div
        class="MuiListItemSecondaryAction-root"
      >
        <a
          aria-disabled="false"
          class="MuiButtonBase-root MuiIconButton-root"
          href="#/test-4/edit"
          role="button"
          tabindex="0"
        >
          <span
            class="MuiIconButton-label"
          >
            <svg
              aria-hidden="true"
              class="MuiSvgIcon-root"
              focusable="false"
              role="presentation"
              viewBox="0 0 24 24"
            >
              <path
                d="M3 17.25V21h3.75L17.81 9.94l-3.75-3.75L3 17.25zM20.71 7.04c.39-.39.39-1.02 0-1.41l-2.34-2.34a.9959.9959 0 00-1.41 0l-1.83 1.83 3.75 3.75 1.83-1.83z"
              />
            </svg>
          </span>
          <span
            class="MuiTouchRipple-root"
          />
        </a>
      </div>
    </li>
  </ul>
</DocumentFragment>
`;

exports[`components NoteTextField 1`] = `
<DocumentFragment>
  <div
    class="MuiFormControl-root MuiTextField-root makeStyles-inp-437 MuiFormControl-fullWidth"
  >
    <div
      class="MuiInputBase-root MuiOutlinedInput-root MuiInputBase-fullWidth MuiInputBase-formControl"
    >
      <input
        aria-invalid="false"
        autocomplete="off"
        class="MuiInputBase-input MuiOutlinedInput-input"
        type="text"
        value="test value"
      />
      <fieldset
        aria-hidden="true"
        class="PrivateNotchedOutline-root-479 MuiOutlinedInput-notchedOutline"
        style="padding-left: 8px;"
      >
        <legend
          class="PrivateNotchedOutline-legend-480"
          style="width: 0px;"
        >
          <span>
            ​
          </span>
        </legend>
      </fieldset>
    </div>
  </div>
</DocumentFragment>
`;
