// Jest Snapshot v1, https://goo.gl/fbAQLP

exports[`NoteForm component matches snapshot 1`] = `
<DocumentFragment>
  <div
    class="makeStyles-root-1"
  >
    <div
      class="MuiFormControl-root MuiTextField-root makeStyles-inp-8 MuiFormControl-fullWidth"
    >
      <label
        class="MuiFormLabel-root MuiInputLabel-root MuiInputLabel-formControl MuiInputLabel-animated MuiInputLabel-outlined"
        data-shrink="false"
        for="title"
        id="title-label"
      >
        Title
      </label>
      <div
        class="MuiInputBase-root MuiOutlinedInput-root MuiInputBase-fullWidth MuiInputBase-formControl MuiInputBase-adornedEnd MuiOutlinedInput-adornedEnd"
      >
        <input
          aria-invalid="false"
          autocomplete="off"
          class="MuiInputBase-input MuiOutlinedInput-input MuiInputBase-inputAdornedEnd MuiOutlinedInput-inputAdornedEnd"
          id="title"
          name="title"
          type="text"
          value=""
        />
        <div
          class="MuiInputAdornment-root MuiInputAdornment-positionEnd"
        >
          <svg
            aria-hidden="true"
            class="MuiSvgIcon-root makeStyles-unsavedIcon-7"
            focusable="false"
            viewBox="0 0 24 24"
          >
            <path
              d="M6 4v3.17c0 .53.21 1.04.59 1.42L10 12l-3.42 3.42c-.37.38-.58.89-.58 1.42V20c0 1.1.9 2 2 2h8c1.1 0 2-.9 2-2v-3.16c0-.53-.21-1.04-.58-1.41L14 12l3.41-3.4c.38-.38.59-.89.59-1.42V4c0-1.1-.9-2-2-2H8c-1.1 0-2 .9-2 2z"
            />
          </svg>
        </div>
        <fieldset
          aria-hidden="true"
          class="PrivateNotchedOutline-root-83 MuiOutlinedInput-notchedOutline"
        >
          <legend
            class="PrivateNotchedOutline-legendLabelled-85"
          >
            <span>
              Title
            </span>
          </legend>
        </fieldset>
      </div>
    </div>
    <div
      class="MuiFormControl-root MuiTextField-root makeStyles-inp-8 MuiFormControl-fullWidth"
    >
      <label
        class="MuiFormLabel-root MuiInputLabel-root MuiInputLabel-formControl MuiInputLabel-animated MuiInputLabel-outlined"
        data-shrink="false"
        for="md"
        id="md-label"
      >
        Note
      </label>
      <div
        class="MuiInputBase-root MuiOutlinedInput-root MuiInputBase-fullWidth MuiInputBase-formControl MuiInputBase-multiline MuiOutlinedInput-multiline"
      >
        <textarea
          aria-describedby="md-helper-text"
          aria-invalid="false"
          autocomplete="off"
          class="MuiInputBase-input MuiOutlinedInput-input makeStyles-textarea-2 MuiInputBase-inputMultiline MuiOutlinedInput-inputMultiline"
          id="md"
          name="md"
          rows="20"
        />
        <fieldset
          aria-hidden="true"
          class="PrivateNotchedOutline-root-83 MuiOutlinedInput-notchedOutline"
        >
          <legend
            class="PrivateNotchedOutline-legendLabelled-85"
          >
            <span>
              Note
            </span>
          </legend>
        </fieldset>
      </div>
      <p
        class="MuiFormHelperText-root MuiFormHelperText-contained"
        id="md-helper-text"
      >
        Supports github flavored markdown
      </p>
    </div>
    <div
      class="MuiFormControl-root MuiTextField-root makeStyles-inp-8 MuiFormControl-fullWidth"
    >
      <label
        class="MuiFormLabel-root MuiInputLabel-root MuiInputLabel-formControl MuiInputLabel-animated MuiInputLabel-outlined"
        data-shrink="false"
        for="tags"
        id="tags-label"
      >
        Tags
      </label>
      <div
        class="MuiInputBase-root MuiOutlinedInput-root MuiInputBase-fullWidth MuiInputBase-formControl"
      >
        <input
          aria-describedby="tags-helper-text"
          aria-invalid="false"
          autocomplete="off"
          class="MuiInputBase-input MuiOutlinedInput-input"
          id="tags"
          name="tags"
          type="text"
          value=""
        />
        <fieldset
          aria-hidden="true"
          class="PrivateNotchedOutline-root-83 MuiOutlinedInput-notchedOutline"
        >
          <legend
            class="PrivateNotchedOutline-legendLabelled-85"
          >
            <span>
              Tags
            </span>
          </legend>
        </fieldset>
      </div>
      <p
        class="MuiFormHelperText-root MuiFormHelperText-contained"
        id="tags-helper-text"
      >
        Separated by spaces
      </p>
    </div>
  </div>
</DocumentFragment>
`;
