// Jest Snapshot v1, https://goo.gl/fbAQLP

exports[`NoteList component matches snapshot 1`] = `
<DocumentFragment>
  <ul
    class="MuiList-root MuiList-padding"
  >
    <li
      class="MuiListItem-container"
    >
      <a
        aria-disabled="false"
        class="MuiButtonBase-root MuiListItem-root MuiListItem-gutters MuiListItem-button MuiListItem-secondaryAction"
        href="/test-one"
        role="button"
        tabindex="0"
      >
        <div
          class="MuiListItemAvatar-root"
        >
          <div
            class="MuiAvatar-root MuiAvatar-circle MuiAvatar-colorDefault"
          >
            t
          </div>
        </div>
        <div
          class="MuiListItemText-root MuiListItemText-multiline"
        >
          <span
            class="MuiTypography-root MuiListItemText-primary MuiTypography-body1 MuiTypography-displayBlock"
          >
            test one
          </span>
          <p
            class="MuiTypography-root MuiListItemText-secondary MuiTypography-body2 MuiTypography-colorTextSecondary MuiTypography-displayBlock"
          >
            <span>
              a few seconds ago
            </span>
          </p>
        </div>
        <span
          class="MuiTouchRipple-root"
        />
      </a>
      <div
        class="MuiListItemSecondaryAction-root"
      >
        <a
          aria-disabled="false"
          class="MuiButtonBase-root MuiIconButton-root"
          href="/test-one/edit"
          role="button"
          tabindex="0"
        >
          <span
            class="MuiIconButton-label"
          >
            <svg
              aria-hidden="true"
              class="MuiSvgIcon-root"
              focusable="false"
              viewBox="0 0 24 24"
            >
              <path
                d="M3 17.25V21h3.75L17.81 9.94l-3.75-3.75L3 17.25zM20.71 7.04c.39-.39.39-1.02 0-1.41l-2.34-2.34a.9959.9959 0 00-1.41 0l-1.83 1.83 3.75 3.75 1.83-1.83z"
              />
            </svg>
          </span>
          <span
            class="MuiTouchRipple-root"
          />
        </a>
      </div>
    </li>
    <li
      class="MuiListItem-container"
    >
      <a
        aria-disabled="false"
        class="MuiButtonBase-root MuiListItem-root MuiListItem-gutters MuiListItem-button MuiListItem-secondaryAction"
        href="/test-two"
        role="button"
        tabindex="0"
      >
        <div
          class="MuiListItemAvatar-root"
        >
          <div
            class="MuiAvatar-root MuiAvatar-circle MuiAvatar-colorDefault"
          >
            t
          </div>
        </div>
        <div
          class="MuiListItemText-root MuiListItemText-multiline"
        >
          <span
            class="MuiTypography-root MuiListItemText-primary MuiTypography-body1 MuiTypography-displayBlock"
          >
            test two
          </span>
          <p
            class="MuiTypography-root MuiListItemText-secondary MuiTypography-body2 MuiTypography-colorTextSecondary MuiTypography-displayBlock"
          >
            <span>
              2 hours ago
              <span
                class="makeStyles-bullet-1"
              >
                •
              </span>
              python
            </span>
          </p>
        </div>
        <span
          class="MuiTouchRipple-root"
        />
      </a>
      <div
        class="MuiListItemSecondaryAction-root"
      >
        <a
          aria-disabled="false"
          class="MuiButtonBase-root MuiIconButton-root"
          href="/test-two/edit"
          role="button"
          tabindex="0"
        >
          <span
            class="MuiIconButton-label"
          >
            <svg
              aria-hidden="true"
              class="MuiSvgIcon-root"
              focusable="false"
              viewBox="0 0 24 24"
            >
              <path
                d="M3 17.25V21h3.75L17.81 9.94l-3.75-3.75L3 17.25zM20.71 7.04c.39-.39.39-1.02 0-1.41l-2.34-2.34a.9959.9959 0 00-1.41 0l-1.83 1.83 3.75 3.75 1.83-1.83z"
              />
            </svg>
          </span>
          <span
            class="MuiTouchRipple-root"
          />
        </a>
      </div>
    </li>
    <li
      class="MuiListItem-container"
    >
      <a
        aria-disabled="false"
        class="MuiButtonBase-root MuiListItem-root MuiListItem-gutters MuiListItem-button MuiListItem-secondaryAction"
        href="/test-three"
        role="button"
        tabindex="0"
      >
        <div
          class="MuiListItemAvatar-root"
        >
          <div
            class="MuiAvatar-root MuiAvatar-circle MuiAvatar-colorDefault"
          >
            t
          </div>
        </div>
        <div
          class="MuiListItemText-root MuiListItemText-multiline"
        >
          <span
            class="MuiTypography-root MuiListItemText-primary MuiTypography-body1 MuiTypography-displayBlock"
          >
            test three
          </span>
          <p
            class="MuiTypography-root MuiListItemText-secondary MuiTypography-body2 MuiTypography-colorTextSecondary MuiTypography-displayBlock"
          >
            <span>
              22 days ago
              <span
                class="makeStyles-bullet-1"
              >
                •
              </span>
              test, three
            </span>
          </p>
        </div>
        <span
          class="MuiTouchRipple-root"
        />
      </a>
      <div
        class="MuiListItemSecondaryAction-root"
      >
        <a
          aria-disabled="false"
          class="MuiButtonBase-root MuiIconButton-root"
          href="/test-three/edit"
          role="button"
          tabindex="0"
        >
          <span
            class="MuiIconButton-label"
          >
            <svg
              aria-hidden="true"
              class="MuiSvgIcon-root"
              focusable="false"
              viewBox="0 0 24 24"
            >
              <path
                d="M3 17.25V21h3.75L17.81 9.94l-3.75-3.75L3 17.25zM20.71 7.04c.39-.39.39-1.02 0-1.41l-2.34-2.34a.9959.9959 0 00-1.41 0l-1.83 1.83 3.75 3.75 1.83-1.83z"
              />
            </svg>
          </span>
          <span
            class="MuiTouchRipple-root"
          />
        </a>
      </div>
    </li>
  </ul>
</DocumentFragment>
`;
